/home/muqiao/dev/embedded/stm32/learning/lesson_11-2/src/W25Q64.c:5:6:W25Q64_Init	0	static
/home/muqiao/dev/embedded/stm32/learning/lesson_11-2/src/W25Q64.c:10:6:W25Q64_ReadID	16	static
/home/muqiao/dev/embedded/stm32/learning/lesson_11-2/src/W25Q64.c:21:6:W25Q64_WriteEnable	8	static
/home/muqiao/dev/embedded/stm32/learning/lesson_11-2/src/W25Q64.c:28:6:W25Q64_WaitBusy	8	static
/home/muqiao/dev/embedded/stm32/learning/lesson_11-2/src/W25Q64.c:42:6:W25Q64_PageProgram	16	static
/home/muqiao/dev/embedded/stm32/learning/lesson_11-2/src/W25Q64.c:62:6:W25Q64_SectorErase	8	static
/home/muqiao/dev/embedded/stm32/learning/lesson_11-2/src/W25Q64.c:76:6:W25Q64_ReadData	16	static
