/home/muqiao/dev/embedded/stm32/learning/lesson_9-3/src/Serial.c:14:6:Serial_Init	40	static
/home/muqiao/dev/embedded/stm32/learning/lesson_9-3/src/Serial.c:65:6:Serial_SendByte	8	static
/home/muqiao/dev/embedded/stm32/learning/lesson_9-3/src/Serial.c:78:6:Serial_SendArray	16	static
/home/muqiao/dev/embedded/stm32/learning/lesson_9-3/src/Serial.c:92:6:Serial_SendString	16	static
/home/muqiao/dev/embedded/stm32/learning/lesson_9-3/src/Serial.c:105:10:Serial_Pow	0	static
/home/muqiao/dev/embedded/stm32/learning/lesson_9-3/src/Serial.c:121:6:Serial_SendNumber	16	static
/usr/include/newlib/stdio.h:214:5:fputc	8	static
/home/muqiao/dev/embedded/stm32/learning/lesson_9-3/src/Serial.c:147:6:Serial_Printf	112	static
/home/muqiao/dev/embedded/stm32/learning/lesson_9-3/src/Serial.c:163:6:Serial_SendPacket	8	static
/home/muqiao/dev/embedded/stm32/learning/lesson_9-3/src/Serial.c:175:9:Serial_GetRxFlag	0	static
/home/muqiao/dev/embedded/stm32/learning/lesson_9-3/src/Serial.c:193:6:USART1_IRQHandler	8	static
