/home/muqiao/dev/embedded/stm32/learning/lesson_10-1/src/MyI2C.c:4:6:MyI2C_W_SCL	8	static
/home/muqiao/dev/embedded/stm32/learning/lesson_10-1/src/MyI2C.c:10:6:MyI2C_W_SDA	8	static
/home/muqiao/dev/embedded/stm32/learning/lesson_10-1/src/MyI2C.c:16:9:MyI2C_R_SDA	8	static
/home/muqiao/dev/embedded/stm32/learning/lesson_10-1/src/MyI2C.c:24:6:MyI2C_Init	24	static
/home/muqiao/dev/embedded/stm32/learning/lesson_10-1/src/MyI2C.c:37:6:MyI2C_Start	8	static
/home/muqiao/dev/embedded/stm32/learning/lesson_10-1/src/MyI2C.c:45:6:MyI2C_Stop	8	static
/home/muqiao/dev/embedded/stm32/learning/lesson_10-1/src/MyI2C.c:52:6:MyI2C_SendByte	16	static
/home/muqiao/dev/embedded/stm32/learning/lesson_10-1/src/MyI2C.c:63:9:MyI2C_ReceiveByte	16	static
/home/muqiao/dev/embedded/stm32/learning/lesson_10-1/src/MyI2C.c:76:6:MyI2C_SendAck	8	static
/home/muqiao/dev/embedded/stm32/learning/lesson_10-1/src/MyI2C.c:83:9:MyI2C_ReceiveAck	8	static
