/home/muqiao/dev/embedded/stm32/learning/lesson_10-1/src/MyI2C.c:9:6:MyI2C_W_SCL	8	static
/home/muqiao/dev/embedded/stm32/learning/lesson_10-1/src/MyI2C.c:20:6:MyI2C_W_SDA	8	static
/home/muqiao/dev/embedded/stm32/learning/lesson_10-1/src/MyI2C.c:31:9:MyI2C_R_SDA	8	static
/home/muqiao/dev/embedded/stm32/learning/lesson_10-1/src/MyI2C.c:47:6:MyI2C_Init	24	static
/home/muqiao/dev/embedded/stm32/learning/lesson_10-1/src/MyI2C.c:66:6:MyI2C_Start	8	static
/home/muqiao/dev/embedded/stm32/learning/lesson_10-1/src/MyI2C.c:80:6:MyI2C_Stop	8	static
/home/muqiao/dev/embedded/stm32/learning/lesson_10-1/src/MyI2C.c:94:6:MyI2C_SendByte	16	static
/home/muqiao/dev/embedded/stm32/learning/lesson_10-1/src/MyI2C.c:112:9:MyI2C_ReceiveByte	16	static
/home/muqiao/dev/embedded/stm32/learning/lesson_10-1/src/MyI2C.c:130:6:MyI2C_SendAck	8	static
/home/muqiao/dev/embedded/stm32/learning/lesson_10-1/src/MyI2C.c:142:9:MyI2C_ReceiveAck	8	static
