/home/muqiao/dev/embedded/stm32/learning/lesson_11-1/src/OLED.c:9:6:OLED_I2C_Init	24	static
/home/muqiao/dev/embedded/stm32/learning/lesson_11-1/src/OLED.c:30:6:OLED_I2C_Start	8	static
/home/muqiao/dev/embedded/stm32/learning/lesson_11-1/src/OLED.c:43:6:OLED_I2C_Stop	8	static
/home/muqiao/dev/embedded/stm32/learning/lesson_11-1/src/OLED.c:55:6:OLED_I2C_SendByte	16	static
/home/muqiao/dev/embedded/stm32/learning/lesson_11-1/src/OLED.c:73:6:OLED_WriteCommand	8	static
/home/muqiao/dev/embedded/stm32/learning/lesson_11-1/src/OLED.c:87:6:OLED_WriteData	8	static
/home/muqiao/dev/embedded/stm32/learning/lesson_11-1/src/OLED.c:102:6:OLED_SetCursor	8	static
/home/muqiao/dev/embedded/stm32/learning/lesson_11-1/src/OLED.c:114:6:OLED_Clear	16	static
/home/muqiao/dev/embedded/stm32/learning/lesson_11-1/src/OLED.c:134:6:OLED_ShowChar	32	static
/home/muqiao/dev/embedded/stm32/learning/lesson_11-1/src/OLED.c:156:6:OLED_ShowString	24	static
/home/muqiao/dev/embedded/stm32/learning/lesson_11-1/src/OLED.c:169:10:OLED_Pow	0	static
/home/muqiao/dev/embedded/stm32/learning/lesson_11-1/src/OLED.c:187:6:OLED_ShowNum	32	static
/home/muqiao/dev/embedded/stm32/learning/lesson_11-1/src/OLED.c:204:6:OLED_ShowSignedNum	24	static
/home/muqiao/dev/embedded/stm32/learning/lesson_11-1/src/OLED.c:232:6:OLED_ShowHexNum	24	static
/home/muqiao/dev/embedded/stm32/learning/lesson_11-1/src/OLED.c:257:6:OLED_ShowBinNum	24	static
/home/muqiao/dev/embedded/stm32/learning/lesson_11-1/src/OLED.c:271:6:OLED_Init	8	static
