/home/muqiao/dev/embedded/stm32/learning/lesson_9-4/src/Serial.c:13:6:Serial_Init	40	static
/home/muqiao/dev/embedded/stm32/learning/lesson_9-4/src/Serial.c:64:6:Serial_SendByte	8	static
/home/muqiao/dev/embedded/stm32/learning/lesson_9-4/src/Serial.c:77:6:Serial_SendArray	16	static
/home/muqiao/dev/embedded/stm32/learning/lesson_9-4/src/Serial.c:91:6:Serial_SendString	16	static
/home/muqiao/dev/embedded/stm32/learning/lesson_9-4/src/Serial.c:104:10:Serial_Pow	0	static
/home/muqiao/dev/embedded/stm32/learning/lesson_9-4/src/Serial.c:120:6:Serial_SendNumber	16	static
/usr/include/newlib/stdio.h:214:5:fputc	8	static
/home/muqiao/dev/embedded/stm32/learning/lesson_9-4/src/Serial.c:146:6:Serial_Printf	112	static
/home/muqiao/dev/embedded/stm32/learning/lesson_9-4/src/Serial.c:164:6:USART1_IRQHandler	8	static
